<html>
<body>
<pre>
<h1>µVision Build Log</h1>
<h2>Tool Versions:</h2>
IDE-Version: µVision V5.31.0.0
Copyright (C) 2020 ARM Ltd and ARM Germany GmbH. All rights reserved.
License Information: dep Ly, truongconly.com, LIC=14HV2-9QKWF-BSYYX-HGLGA-6RJ7K-SDXBS
 
Tool Versions:
Toolchain:       MDK-ARM Plus  Version: 5.31.0.0
Toolchain Path:  C:\Keil_v5\ARM\ARMCC\Bin
C Compiler:      Armcc.exe V5.06 update 6 (build 750)
Assembler:       Armasm.exe V5.06 update 6 (build 750)
Linker/Locator:  ArmLink.exe V5.06 update 6 (build 750)
Library Manager: ArmAr.exe V5.06 update 6 (build 750)
Hex Converter:   FromElf.exe V5.06 update 6 (build 750)
CPU DLL:         SARMCM3.DLL V5.31.0.0
Dialog DLL:      DCM.DLL V1.17.3.0
Target DLL:      STLink\ST-LINKIII-KEIL_SWO.dll V3.0.7.0
Dialog DLL:      TCM.DLL V1.46.0.0
 
<h2>Project:</h2>
D:\Work\CANnetwork\MDK-ARM\CANnetwork.uvprojx
Project File Date:  12/28/2025

<h2>Output:</h2>
*** Using Compiler 'V5.06 update 6 (build 750)', folder: 'C:\Keil_v5\ARM\ARMCC\Bin'
Build target 'CANnetwork'
compiling main.c...
../UserCode/BoardSP/gpio_ex.h(28): warning:  #1-D: last line of file ends without a newline
  /* End of file -------------------------------------------------------- */
../UserCode/BoardSP/spi_ex.h(44): warning:  #1-D: last line of file ends without a newline
  /* End of file -------------------------------------------------------- */
../UserCode/BoardSP/uart_ex.h(47): warning:  #1-D: last line of file ends without a newline
  /* End of file -------------------------------------------------------- */
../Core/Src/main.c(81): warning:  #223-D: function "strlen" declared implicitly
  		.size_of_txdata = strlen((const char*)s_txstring)
../Core/Src/main.c(88): warning:  #111-D: statement is unreachable
  	return 0;
../Core/Src/main.c: 5 warnings, 0 errors
compiling uart_ex.c...
..\UserCode\BoardSP\uart_ex.h(47): warning:  #1-D: last line of file ends without a newline
  /* End of file -------------------------------------------------------- */
..\UserCode\BoardSP\uart_ex.c(84): warning:  #1-D: last line of file ends without a newline
  /* End of file -------------------------------------------------------- */
..\UserCode\BoardSP\uart_ex.c: 2 warnings, 0 errors
linking...
Program Size: Code=5172 RO-data=320 RW-data=28 ZI-data=1884  
FromELF: creating hex file...
"CANnetwork\CANnetwork.axf" - 0 Error(s), 7 Warning(s).

<h2>Software Packages used:</h2>

Package Vendor: ARM
                http://www.keil.com/pack/ARM.CMSIS.5.7.0.pack
                ARM.CMSIS.5.7.0
                CMSIS (Cortex Microcontroller Software Interface Standard)
   * Component: CORE Version: 5.4.0

Package Vendor: Keil
                https://www.keil.com/pack/Keil.STM32F1xx_DFP.2.4.1.pack
                Keil.STM32F1xx_DFP.2.4.1
                STMicroelectronics STM32F1 Series Device Support, Drivers and Examples

<h2>Collection of Component include folders:</h2>
  .\RTE\_CANnetwork
  C:\Users\Dell\AppData\Local\Arm\Packs\ARM\CMSIS\5.7.0\CMSIS\Core\Include
  C:\Users\Dell\AppData\Local\Arm\Packs\Keil\STM32F1xx_DFP\2.4.1\Device\Include

<h2>Collection of Component Files used:</h2>

   * Component: ARM::CMSIS:CORE:5.4.0
      Include file:  CMSIS\Core\Include\tz_context.h
Build Time Elapsed:  00:00:01
</pre>
</body>
</html>
